Archive member included to satisfy reference by file (symbol)

/usr/lib/gcc/arm-none-eabi/6.3.1/../../../arm-none-eabi/lib/thumb/v7e-m/fpv4-sp/hard/libg_nano.a(lib_a-atexit.o)
                              /usr/lib/gcc/arm-none-eabi/6.3.1/../../../arm-none-eabi/lib/thumb/v7e-m/fpv4-sp/hard/crt0.o (atexit)
/usr/lib/gcc/arm-none-eabi/6.3.1/../../../arm-none-eabi/lib/thumb/v7e-m/fpv4-sp/hard/libg_nano.a(lib_a-exit.o)
                              /usr/lib/gcc/arm-none-eabi/6.3.1/../../../arm-none-eabi/lib/thumb/v7e-m/fpv4-sp/hard/crt0.o (exit)
/usr/lib/gcc/arm-none-eabi/6.3.1/../../../arm-none-eabi/lib/thumb/v7e-m/fpv4-sp/hard/libg_nano.a(lib_a-fini.o)
                              /usr/lib/gcc/arm-none-eabi/6.3.1/../../../arm-none-eabi/lib/thumb/v7e-m/fpv4-sp/hard/crt0.o (__libc_fini_array)
/usr/lib/gcc/arm-none-eabi/6.3.1/../../../arm-none-eabi/lib/thumb/v7e-m/fpv4-sp/hard/libg_nano.a(lib_a-impure.o)
                              /usr/lib/gcc/arm-none-eabi/6.3.1/../../../arm-none-eabi/lib/thumb/v7e-m/fpv4-sp/hard/libg_nano.a(lib_a-exit.o) (_global_impure_ptr)
/usr/lib/gcc/arm-none-eabi/6.3.1/../../../arm-none-eabi/lib/thumb/v7e-m/fpv4-sp/hard/libg_nano.a(lib_a-init.o)
                              /usr/lib/gcc/arm-none-eabi/6.3.1/../../../arm-none-eabi/lib/thumb/v7e-m/fpv4-sp/hard/crt0.o (__libc_init_array)
/usr/lib/gcc/arm-none-eabi/6.3.1/../../../arm-none-eabi/lib/thumb/v7e-m/fpv4-sp/hard/libg_nano.a(lib_a-memset.o)
                              /usr/lib/gcc/arm-none-eabi/6.3.1/../../../arm-none-eabi/lib/thumb/v7e-m/fpv4-sp/hard/crt0.o (memset)
/usr/lib/gcc/arm-none-eabi/6.3.1/../../../arm-none-eabi/lib/thumb/v7e-m/fpv4-sp/hard/libg_nano.a(lib_a-__atexit.o)
                              /usr/lib/gcc/arm-none-eabi/6.3.1/../../../arm-none-eabi/lib/thumb/v7e-m/fpv4-sp/hard/libg_nano.a(lib_a-atexit.o) (__register_exitproc)
/usr/lib/gcc/arm-none-eabi/6.3.1/../../../arm-none-eabi/lib/thumb/v7e-m/fpv4-sp/hard/libg_nano.a(lib_a-__call_atexit.o)
                              /usr/lib/gcc/arm-none-eabi/6.3.1/../../../arm-none-eabi/lib/thumb/v7e-m/fpv4-sp/hard/libg_nano.a(lib_a-__atexit.o) (__call_exitprocs)
/usr/lib/gcc/arm-none-eabi/6.3.1/../../../arm-none-eabi/lib/thumb/v7e-m/fpv4-sp/hard/libnosys.a(_exit.o)
                              /usr/lib/gcc/arm-none-eabi/6.3.1/../../../arm-none-eabi/lib/thumb/v7e-m/fpv4-sp/hard/libg_nano.a(lib_a-exit.o) (_exit)

Discarded input sections

 .text          0x0000000000000000        0x0 /usr/lib/gcc/arm-none-eabi/6.3.1/thumb/v7e-m/fpv4-sp/hard/crti.o
 .data          0x0000000000000000        0x0 /usr/lib/gcc/arm-none-eabi/6.3.1/thumb/v7e-m/fpv4-sp/hard/crti.o
 .bss           0x0000000000000000        0x0 /usr/lib/gcc/arm-none-eabi/6.3.1/thumb/v7e-m/fpv4-sp/hard/crti.o
 .data          0x0000000000000000        0x4 /usr/lib/gcc/arm-none-eabi/6.3.1/thumb/v7e-m/fpv4-sp/hard/crtbegin.o
 .data          0x0000000000000000        0x0 /usr/lib/gcc/arm-none-eabi/6.3.1/../../../arm-none-eabi/lib/thumb/v7e-m/fpv4-sp/hard/crt0.o
 .bss           0x0000000000000000        0x0 /usr/lib/gcc/arm-none-eabi/6.3.1/../../../arm-none-eabi/lib/thumb/v7e-m/fpv4-sp/hard/crt0.o
 .ARM.extab     0x0000000000000000        0x0 /usr/lib/gcc/arm-none-eabi/6.3.1/../../../arm-none-eabi/lib/thumb/v7e-m/fpv4-sp/hard/crt0.o
 .group         0x0000000000000000        0x8 ./main.o
 .group         0x0000000000000000        0x8 ./main.o
 .group         0x0000000000000000        0x8 ./main.o
 .group         0x0000000000000000        0x8 ./main.o
 .group         0x0000000000000000        0x8 ./main.o
 .group         0x0000000000000000        0x8 ./main.o
 .group         0x0000000000000000        0x8 ./main.o
 .group         0x0000000000000000        0x8 ./main.o
 .group         0x0000000000000000        0x8 ./main.o
 .group         0x0000000000000000        0x8 ./main.o
 .group         0x0000000000000000        0x8 ./main.o
 .group         0x0000000000000000        0x8 ./main.o
 .group         0x0000000000000000        0x8 ./main.o
 .group         0x0000000000000000        0x8 ./main.o
 .group         0x0000000000000000        0x8 ./main.o
 .group         0x0000000000000000        0x8 ./main.o
 .group         0x0000000000000000        0x8 ./main.o
 .group         0x0000000000000000        0x8 ./main.o
 .group         0x0000000000000000        0x8 ./main.o
 .group         0x0000000000000000        0x8 ./main.o
 .group         0x0000000000000000        0x8 ./main.o
 .group         0x0000000000000000        0x8 ./main.o
 .group         0x0000000000000000        0x8 ./main.o
 .group         0x0000000000000000        0x8 ./main.o
 .group         0x0000000000000000        0x8 ./main.o
 .group         0x0000000000000000        0x8 ./main.o
 .group         0x0000000000000000        0x8 ./main.o
 .group         0x0000000000000000        0x8 ./main.o
 .group         0x0000000000000000        0x8 ./main.o
 .group         0x0000000000000000        0x8 ./main.o
 .group         0x0000000000000000        0x8 ./main.o
 .group         0x0000000000000000        0x8 ./main.o
 .group         0x0000000000000000        0x8 ./main.o
 .group         0x0000000000000000        0x8 ./main.o
 .group         0x0000000000000000        0x8 ./main.o
 .group         0x0000000000000000        0x8 ./main.o
 .group         0x0000000000000000        0x8 ./main.o
 .group         0x0000000000000000        0x8 ./main.o
 .group         0x0000000000000000        0x8 ./main.o
 .group         0x0000000000000000        0x8 ./main.o
 .group         0x0000000000000000        0x8 ./main.o
 .group         0x0000000000000000        0x8 ./main.o
 .group         0x0000000000000000        0x8 ./main.o
 .group         0x0000000000000000        0x8 ./main.o
 .group         0x0000000000000000        0x8 ./main.o
 .group         0x0000000000000000        0x8 ./main.o
 .group         0x0000000000000000        0x8 ./main.o
 .group         0x0000000000000000        0x8 ./main.o
 .group         0x0000000000000000        0x8 ./main.o
 .group         0x0000000000000000        0x8 ./main.o
 .group         0x0000000000000000        0x8 ./main.o
 .group         0x0000000000000000        0x8 ./main.o
 .group         0x0000000000000000        0x8 ./main.o
 .group         0x0000000000000000        0x8 ./main.o
 .group         0x0000000000000000        0x8 ./main.o
 .group         0x0000000000000000        0x8 ./main.o
 .group         0x0000000000000000        0x8 ./main.o
 .group         0x0000000000000000        0x8 ./main.o
 .group         0x0000000000000000        0x8 ./main.o
 .group         0x0000000000000000        0x8 ./main.o
 .text          0x0000000000000000        0x0 ./main.o
 .data          0x0000000000000000        0x0 ./main.o
 .bss           0x0000000000000000        0x0 ./main.o
 .group         0x0000000000000000        0x8 ./system_nrf52840.o
 .group         0x0000000000000000        0x8 ./system_nrf52840.o
 .group         0x0000000000000000        0x8 ./system_nrf52840.o
 .group         0x0000000000000000        0x8 ./system_nrf52840.o
 .group         0x0000000000000000        0x8 ./system_nrf52840.o
 .group         0x0000000000000000        0x8 ./system_nrf52840.o
 .group         0x0000000000000000        0x8 ./system_nrf52840.o
 .group         0x0000000000000000        0x8 ./system_nrf52840.o
 .group         0x0000000000000000        0x8 ./system_nrf52840.o
 .group         0x0000000000000000        0x8 ./system_nrf52840.o
 .group         0x0000000000000000        0x8 ./system_nrf52840.o
 .group         0x0000000000000000        0x8 ./system_nrf52840.o
 .group         0x0000000000000000        0x8 ./system_nrf52840.o
 .group         0x0000000000000000        0x8 ./system_nrf52840.o
 .group         0x0000000000000000        0x8 ./system_nrf52840.o
 .group         0x0000000000000000        0x8 ./system_nrf52840.o
 .group         0x0000000000000000        0x8 ./system_nrf52840.o
 .group         0x0000000000000000        0x8 ./system_nrf52840.o
 .group         0x0000000000000000        0x8 ./system_nrf52840.o
 .group         0x0000000000000000        0x8 ./system_nrf52840.o
 .group         0x0000000000000000        0x8 ./system_nrf52840.o
 .group         0x0000000000000000        0x8 ./system_nrf52840.o
 .group         0x0000000000000000        0x8 ./system_nrf52840.o
 .group         0x0000000000000000        0x8 ./system_nrf52840.o
 .group         0x0000000000000000        0x8 ./system_nrf52840.o
 .group         0x0000000000000000        0x8 ./system_nrf52840.o
 .text          0x0000000000000000        0x0 ./system_nrf52840.o
 .data          0x0000000000000000        0x0 ./system_nrf52840.o
 .bss           0x0000000000000000        0x0 ./system_nrf52840.o
 .text.nvmc_wait
                0x0000000000000000       0x10 ./system_nrf52840.o
 .text.nvmc_config
                0x0000000000000000       0x14 ./system_nrf52840.o
 .text.SystemCoreClockUpdate
                0x0000000000000000       0x10 ./system_nrf52840.o
 .debug_macro   0x0000000000000000      0x8c8 ./system_nrf52840.o
 .debug_macro   0x0000000000000000       0x22 ./system_nrf52840.o
 .debug_macro   0x0000000000000000       0x4f ./system_nrf52840.o
 .debug_macro   0x0000000000000000       0x44 ./system_nrf52840.o
 .debug_macro   0x0000000000000000       0xfd ./system_nrf52840.o
 .debug_macro   0x0000000000000000       0x5e ./system_nrf52840.o
 .debug_macro   0x0000000000000000      0x1df ./system_nrf52840.o
 .debug_macro   0x0000000000000000       0x22 ./system_nrf52840.o
 .debug_macro   0x0000000000000000       0x22 ./system_nrf52840.o
 .debug_macro   0x0000000000000000       0x3b ./system_nrf52840.o
 .debug_macro   0x0000000000000000       0x1c ./system_nrf52840.o
 .debug_macro   0x0000000000000000       0x22 ./system_nrf52840.o
 .debug_macro   0x0000000000000000      0x101 ./system_nrf52840.o
 .debug_macro   0x0000000000000000     0x1011 ./system_nrf52840.o
 .debug_macro   0x0000000000000000      0x11f ./system_nrf52840.o
 .debug_macro   0x0000000000000000      0x410 ./system_nrf52840.o
 .debug_macro   0x0000000000000000    0x10d6b ./system_nrf52840.o
 .debug_macro   0x0000000000000000      0xa65 ./system_nrf52840.o
 .debug_macro   0x0000000000000000       0x96 ./system_nrf52840.o
 .debug_macro   0x0000000000000000       0x40 ./system_nrf52840.o
 .debug_macro   0x0000000000000000      0x462 ./system_nrf52840.o
 .data          0x0000000000000000        0x0 ./gcc_startup_nrf52840.o
 .bss           0x0000000000000000        0x0 ./gcc_startup_nrf52840.o
 .data          0x0000000000000000        0x0 /usr/lib/gcc/arm-none-eabi/6.3.1/../../../arm-none-eabi/lib/thumb/v7e-m/fpv4-sp/hard/libg_nano.a(lib_a-atexit.o)
 .bss           0x0000000000000000        0x0 /usr/lib/gcc/arm-none-eabi/6.3.1/../../../arm-none-eabi/lib/thumb/v7e-m/fpv4-sp/hard/libg_nano.a(lib_a-atexit.o)
 .data          0x0000000000000000        0x0 /usr/lib/gcc/arm-none-eabi/6.3.1/../../../arm-none-eabi/lib/thumb/v7e-m/fpv4-sp/hard/libg_nano.a(lib_a-exit.o)
 .bss           0x0000000000000000        0x0 /usr/lib/gcc/arm-none-eabi/6.3.1/../../../arm-none-eabi/lib/thumb/v7e-m/fpv4-sp/hard/libg_nano.a(lib_a-exit.o)
 .data          0x0000000000000000        0x0 /usr/lib/gcc/arm-none-eabi/6.3.1/../../../arm-none-eabi/lib/thumb/v7e-m/fpv4-sp/hard/libg_nano.a(lib_a-fini.o)
 .bss           0x0000000000000000        0x0 /usr/lib/gcc/arm-none-eabi/6.3.1/../../../arm-none-eabi/lib/thumb/v7e-m/fpv4-sp/hard/libg_nano.a(lib_a-fini.o)
 .text          0x0000000000000000        0x0 /usr/lib/gcc/arm-none-eabi/6.3.1/../../../arm-none-eabi/lib/thumb/v7e-m/fpv4-sp/hard/libg_nano.a(lib_a-impure.o)
 .bss           0x0000000000000000        0x0 /usr/lib/gcc/arm-none-eabi/6.3.1/../../../arm-none-eabi/lib/thumb/v7e-m/fpv4-sp/hard/libg_nano.a(lib_a-impure.o)
 .data          0x0000000000000000        0x0 /usr/lib/gcc/arm-none-eabi/6.3.1/../../../arm-none-eabi/lib/thumb/v7e-m/fpv4-sp/hard/libg_nano.a(lib_a-init.o)
 .bss           0x0000000000000000        0x0 /usr/lib/gcc/arm-none-eabi/6.3.1/../../../arm-none-eabi/lib/thumb/v7e-m/fpv4-sp/hard/libg_nano.a(lib_a-init.o)
 .data          0x0000000000000000        0x0 /usr/lib/gcc/arm-none-eabi/6.3.1/../../../arm-none-eabi/lib/thumb/v7e-m/fpv4-sp/hard/libg_nano.a(lib_a-memset.o)
 .bss           0x0000000000000000        0x0 /usr/lib/gcc/arm-none-eabi/6.3.1/../../../arm-none-eabi/lib/thumb/v7e-m/fpv4-sp/hard/libg_nano.a(lib_a-memset.o)
 .data          0x0000000000000000        0x4 /usr/lib/gcc/arm-none-eabi/6.3.1/../../../arm-none-eabi/lib/thumb/v7e-m/fpv4-sp/hard/libg_nano.a(lib_a-__atexit.o)
 .data          0x0000000000000000        0x0 /usr/lib/gcc/arm-none-eabi/6.3.1/../../../arm-none-eabi/lib/thumb/v7e-m/fpv4-sp/hard/libg_nano.a(lib_a-__call_atexit.o)
 .text          0x0000000000000000        0x0 /usr/lib/gcc/arm-none-eabi/6.3.1/thumb/v7e-m/fpv4-sp/hard/crtend.o
 .data          0x0000000000000000        0x0 /usr/lib/gcc/arm-none-eabi/6.3.1/thumb/v7e-m/fpv4-sp/hard/crtend.o
 .bss           0x0000000000000000        0x0 /usr/lib/gcc/arm-none-eabi/6.3.1/thumb/v7e-m/fpv4-sp/hard/crtend.o
 .text          0x0000000000000000        0x0 /usr/lib/gcc/arm-none-eabi/6.3.1/thumb/v7e-m/fpv4-sp/hard/crtn.o
 .data          0x0000000000000000        0x0 /usr/lib/gcc/arm-none-eabi/6.3.1/thumb/v7e-m/fpv4-sp/hard/crtn.o
 .bss           0x0000000000000000        0x0 /usr/lib/gcc/arm-none-eabi/6.3.1/thumb/v7e-m/fpv4-sp/hard/crtn.o
 .data          0x0000000000000000        0x0 /usr/lib/gcc/arm-none-eabi/6.3.1/../../../arm-none-eabi/lib/thumb/v7e-m/fpv4-sp/hard/libnosys.a(_exit.o)
 .bss           0x0000000000000000        0x0 /usr/lib/gcc/arm-none-eabi/6.3.1/../../../arm-none-eabi/lib/thumb/v7e-m/fpv4-sp/hard/libnosys.a(_exit.o)

Memory Configuration

Name             Origin             Length             Attributes
FLASH            0x0000000000000000 0x0000000000100000 xr
RAM              0x0000000020000000 0x0000000000040000 xrw
*default*        0x0000000000000000 0xffffffffffffffff

Linker script and memory map


.text           0x0000000000000000      0x9d4
 *(.isr_vector)
 .isr_vector    0x0000000000000000      0x200 ./gcc_startup_nrf52840.o
                0x0000000000000000                __isr_vector
 *(.text*)
 .text          0x0000000000000200       0xa4 /usr/lib/gcc/arm-none-eabi/6.3.1/thumb/v7e-m/fpv4-sp/hard/crtbegin.o
 .text          0x00000000000002a4       0x68 /usr/lib/gcc/arm-none-eabi/6.3.1/../../../arm-none-eabi/lib/thumb/v7e-m/fpv4-sp/hard/crt0.o
                0x00000000000002a4                _mainCRTStartup
                0x00000000000002a4                _start
 .text.TIMER0_IRQHandler
                0x000000000000030c       0x40 ./main.o
                0x000000000000030c                TIMER0_IRQHandler
 .text.startup.main
                0x000000000000034c       0x88 ./main.o
                0x000000000000034c                main
 .text.SystemInit
                0x00000000000003d4      0x274 ./system_nrf52840.o
                0x00000000000003d4                SystemInit
 .text          0x0000000000000648       0x3c ./gcc_startup_nrf52840.o
                0x0000000000000648                Reset_Handler
                0x0000000000000670                NMI_Handler
                0x0000000000000672                HardFault_Handler
                0x0000000000000674                MemoryManagement_Handler
                0x0000000000000676                BusFault_Handler
                0x0000000000000678                UsageFault_Handler
                0x000000000000067a                SVC_Handler
                0x000000000000067c                DebugMon_Handler
                0x000000000000067e                PendSV_Handler
                0x0000000000000680                SysTick_Handler
                0x0000000000000682                TIMER2_IRQHandler
                0x0000000000000682                RTC0_IRQHandler
                0x0000000000000682                SWI0_EGU0_IRQHandler
                0x0000000000000682                SWI2_EGU2_IRQHandler
                0x0000000000000682                GPIOTE_IRQHandler
                0x0000000000000682                PWM1_IRQHandler
                0x0000000000000682                POWER_CLOCK_IRQHandler
                0x0000000000000682                RADIO_IRQHandler
                0x0000000000000682                PDM_IRQHandler
                0x0000000000000682                TEMP_IRQHandler
                0x0000000000000682                QDEC_IRQHandler
                0x0000000000000682                TIMER3_IRQHandler
                0x0000000000000682                PWM3_IRQHandler
                0x0000000000000682                FPU_IRQHandler
                0x0000000000000682                USBD_IRQHandler
                0x0000000000000682                SPIM0_SPIS0_TWIM0_TWIS0_SPI0_TWI0_IRQHandler
                0x0000000000000682                UARTE0_UART0_IRQHandler
                0x0000000000000682                TIMER4_IRQHandler
                0x0000000000000682                CRYPTOCELL_IRQHandler
                0x0000000000000682                I2S_IRQHandler
                0x0000000000000682                SWI4_EGU4_IRQHandler
                0x0000000000000682                UARTE1_IRQHandler
                0x0000000000000682                TIMER1_IRQHandler
                0x0000000000000682                SPIM3_IRQHandler
                0x0000000000000682                PWM2_IRQHandler
                0x0000000000000682                ECB_IRQHandler
                0x0000000000000682                SPIM1_SPIS1_TWIM1_TWIS1_SPI1_TWI1_IRQHandler
                0x0000000000000682                Default_Handler
                0x0000000000000682                SAADC_IRQHandler
                0x0000000000000682                CCM_AAR_IRQHandler
                0x0000000000000682                WDT_IRQHandler
                0x0000000000000682                SWI5_EGU5_IRQHandler
                0x0000000000000682                RNG_IRQHandler
                0x0000000000000682                RTC2_IRQHandler
                0x0000000000000682                PWM0_IRQHandler
                0x0000000000000682                SWI3_EGU3_IRQHandler
                0x0000000000000682                RTC1_IRQHandler
                0x0000000000000682                SWI1_EGU1_IRQHandler
                0x0000000000000682                SPIM2_SPIS2_SPI2_IRQHandler
                0x0000000000000682                NFCT_IRQHandler
                0x0000000000000682                MWU_IRQHandler
                0x0000000000000682                QSPI_IRQHandler
                0x0000000000000682                COMP_LPCOMP_IRQHandler
 .text          0x0000000000000684        0xc /usr/lib/gcc/arm-none-eabi/6.3.1/../../../arm-none-eabi/lib/thumb/v7e-m/fpv4-sp/hard/libg_nano.a(lib_a-atexit.o)
                0x0000000000000684                atexit
 .text          0x0000000000000690       0x28 /usr/lib/gcc/arm-none-eabi/6.3.1/../../../arm-none-eabi/lib/thumb/v7e-m/fpv4-sp/hard/libg_nano.a(lib_a-exit.o)
                0x0000000000000690                exit
 .text          0x00000000000006b8       0x34 /usr/lib/gcc/arm-none-eabi/6.3.1/../../../arm-none-eabi/lib/thumb/v7e-m/fpv4-sp/hard/libg_nano.a(lib_a-fini.o)
                0x00000000000006b8                __libc_fini_array
 .text          0x00000000000006ec       0x50 /usr/lib/gcc/arm-none-eabi/6.3.1/../../../arm-none-eabi/lib/thumb/v7e-m/fpv4-sp/hard/libg_nano.a(lib_a-init.o)
                0x00000000000006ec                __libc_init_array
 .text          0x000000000000073c       0x9c /usr/lib/gcc/arm-none-eabi/6.3.1/../../../arm-none-eabi/lib/thumb/v7e-m/fpv4-sp/hard/libg_nano.a(lib_a-memset.o)
                0x000000000000073c                memset
 .text          0x00000000000007d8       0xd0 /usr/lib/gcc/arm-none-eabi/6.3.1/../../../arm-none-eabi/lib/thumb/v7e-m/fpv4-sp/hard/libg_nano.a(lib_a-__atexit.o)
                0x00000000000007d8                __register_exitproc
 .text          0x00000000000008a8       0xf4 /usr/lib/gcc/arm-none-eabi/6.3.1/../../../arm-none-eabi/lib/thumb/v7e-m/fpv4-sp/hard/libg_nano.a(lib_a-__call_atexit.o)
                0x00000000000008a8                __call_exitprocs
 .text          0x000000000000099c        0x4 /usr/lib/gcc/arm-none-eabi/6.3.1/../../../arm-none-eabi/lib/thumb/v7e-m/fpv4-sp/hard/libnosys.a(_exit.o)
                0x000000000000099c                _exit
 *(.init)
 .init          0x00000000000009a0        0x4 /usr/lib/gcc/arm-none-eabi/6.3.1/thumb/v7e-m/fpv4-sp/hard/crti.o
                0x00000000000009a0                _init
 .init          0x00000000000009a4        0x8 /usr/lib/gcc/arm-none-eabi/6.3.1/thumb/v7e-m/fpv4-sp/hard/crtn.o
 *(.fini)
 .fini          0x00000000000009ac        0x4 /usr/lib/gcc/arm-none-eabi/6.3.1/thumb/v7e-m/fpv4-sp/hard/crti.o
                0x00000000000009ac                _fini
 .fini          0x00000000000009b0        0x8 /usr/lib/gcc/arm-none-eabi/6.3.1/thumb/v7e-m/fpv4-sp/hard/crtn.o
 *crtbegin.o(.ctors)
 *crtbegin?.o(.ctors)
 *(EXCLUDE_FILE(*crtend.o *crtend?.o) .ctors)
 *(SORT(.ctors.*))
 *(.ctors)
 *crtbegin.o(.dtors)
 *crtbegin?.o(.dtors)
 *(EXCLUDE_FILE(*crtend.o *crtend?.o) .dtors)
 *(SORT(.dtors.*))
 *(.dtors)
 *(.rodata*)
 .rodata.CSWTCH.12
                0x00000000000009b8        0x6 ./system_nrf52840.o
 *fill*         0x00000000000009be        0x2 
 .rodata.CSWTCH.15
                0x00000000000009c0        0x6 ./system_nrf52840.o
 *fill*         0x00000000000009c6        0x2 
 .rodata        0x00000000000009c8        0x4 /usr/lib/gcc/arm-none-eabi/6.3.1/../../../arm-none-eabi/lib/thumb/v7e-m/fpv4-sp/hard/libg_nano.a(lib_a-impure.o)
                0x00000000000009c8                _global_impure_ptr
 .rodata.str1.4
                0x00000000000009cc        0x4 /usr/lib/gcc/arm-none-eabi/6.3.1/../../../arm-none-eabi/lib/thumb/v7e-m/fpv4-sp/hard/libg_nano.a(lib_a-impure.o)
                                          0x2 (size before relaxing)
 *(.eh_frame*)
 .eh_frame      0x00000000000009d0        0x0 /usr/lib/gcc/arm-none-eabi/6.3.1/thumb/v7e-m/fpv4-sp/hard/crtbegin.o
 .eh_frame      0x00000000000009d0        0x4 /usr/lib/gcc/arm-none-eabi/6.3.1/thumb/v7e-m/fpv4-sp/hard/crtend.o

.glue_7         0x00000000000009d4        0x0
 .glue_7        0x00000000000009d4        0x0 linker stubs

.glue_7t        0x00000000000009d4        0x0
 .glue_7t       0x00000000000009d4        0x0 linker stubs

.vfp11_veneer   0x00000000000009d4        0x0
 .vfp11_veneer  0x00000000000009d4        0x0 linker stubs

.v4_bx          0x00000000000009d4        0x0
 .v4_bx         0x00000000000009d4        0x0 linker stubs

.iplt           0x00000000000009d4        0x0
 .iplt          0x00000000000009d4        0x0 /usr/lib/gcc/arm-none-eabi/6.3.1/thumb/v7e-m/fpv4-sp/hard/crtbegin.o

.mem_section_dummy_rom

.log_const_data
                0x00000000000009d4        0x0
                [!provide]                        PROVIDE (__start_log_const_data, .)
 *(SORT(.log_const_data*))
                [!provide]                        PROVIDE (__stop_log_const_data, .)

.log_backends   0x00000000000009d4        0x0
                [!provide]                        PROVIDE (__start_log_backends, .)
 *(SORT(.log_backends*))
                [!provide]                        PROVIDE (__stop_log_backends, .)

.nrf_balloc     0x00000000000009d4        0x0
                [!provide]                        PROVIDE (__start_nrf_balloc, .)
 *(.nrf_balloc)
                [!provide]                        PROVIDE (__stop_nrf_balloc, .)

.ARM.extab
 *(.ARM.extab* .gnu.linkonce.armextab.*)
                0x00000000000009d4                __exidx_start = .

.ARM.exidx      0x00000000000009d4        0x8
 *(.ARM.exidx* .gnu.linkonce.armexidx.*)
 .ARM.exidx     0x00000000000009d4        0x8 /usr/lib/gcc/arm-none-eabi/6.3.1/../../../arm-none-eabi/lib/thumb/v7e-m/fpv4-sp/hard/crt0.o
                0x00000000000009dc                __exidx_end = .

.rel.dyn        0x00000000000009dc        0x0
 .rel.iplt      0x00000000000009dc        0x0 /usr/lib/gcc/arm-none-eabi/6.3.1/thumb/v7e-m/fpv4-sp/hard/crtbegin.o
                0x00000000000009dc                . = ALIGN (0x4)
                0x00000000000009dc                __etext = .

.data           0x0000000020000000       0x74 load address 0x00000000000009dc
                0x0000000020000000                __data_start__ = .
 *(vtable)
 *(.data*)
 .data.SystemCoreClock
                0x0000000020000000        0x4 ./system_nrf52840.o
                0x0000000020000000                SystemCoreClock
 .data          0x0000000020000004       0x64 /usr/lib/gcc/arm-none-eabi/6.3.1/../../../arm-none-eabi/lib/thumb/v7e-m/fpv4-sp/hard/libg_nano.a(lib_a-impure.o)
                0x0000000020000004                _impure_ptr
                0x0000000020000068                . = ALIGN (0x4)
                0x0000000020000068                PROVIDE (__preinit_array_start, .)
 *(.preinit_array)
                0x0000000020000068                PROVIDE (__preinit_array_end, .)
                0x0000000020000068                . = ALIGN (0x4)
                0x0000000020000068                PROVIDE (__init_array_start, .)
 *(SORT(.init_array.*))
 *(.init_array)
 .init_array    0x0000000020000068        0x4 /usr/lib/gcc/arm-none-eabi/6.3.1/thumb/v7e-m/fpv4-sp/hard/crtbegin.o
                0x000000002000006c                PROVIDE (__init_array_end, .)
                0x000000002000006c                . = ALIGN (0x4)
                0x000000002000006c                PROVIDE (__fini_array_start, .)
 *(SORT(.fini_array.*))
 *(.fini_array)
 .fini_array    0x000000002000006c        0x4 /usr/lib/gcc/arm-none-eabi/6.3.1/thumb/v7e-m/fpv4-sp/hard/crtbegin.o
                0x0000000020000070                PROVIDE (__fini_array_end, .)
 *(.jcr*)
 .jcr           0x0000000020000070        0x0 /usr/lib/gcc/arm-none-eabi/6.3.1/thumb/v7e-m/fpv4-sp/hard/crtbegin.o
 .jcr           0x0000000020000070        0x4 /usr/lib/gcc/arm-none-eabi/6.3.1/thumb/v7e-m/fpv4-sp/hard/crtend.o
                0x0000000020000074                . = ALIGN (0x4)
                0x0000000020000074                __data_end__ = .
LOAD /usr/lib/gcc/arm-none-eabi/6.3.1/thumb/v7e-m/fpv4-sp/hard/crti.o
LOAD /usr/lib/gcc/arm-none-eabi/6.3.1/thumb/v7e-m/fpv4-sp/hard/crtbegin.o
LOAD /usr/lib/gcc/arm-none-eabi/6.3.1/../../../arm-none-eabi/lib/thumb/v7e-m/fpv4-sp/hard/crt0.o
LOAD ./main.o
LOAD ./system_nrf52840.o
LOAD ./gcc_startup_nrf52840.o
START GROUP
LOAD /usr/lib/gcc/arm-none-eabi/6.3.1/thumb/v7e-m/fpv4-sp/hard/libgcc.a
LOAD /usr/lib/gcc/arm-none-eabi/6.3.1/../../../arm-none-eabi/lib/thumb/v7e-m/fpv4-sp/hard/libg_nano.a
LOAD /usr/lib/gcc/arm-none-eabi/6.3.1/../../../arm-none-eabi/lib/thumb/v7e-m/fpv4-sp/hard/libc_nano.a
END GROUP
START GROUP
LOAD /usr/lib/gcc/arm-none-eabi/6.3.1/thumb/v7e-m/fpv4-sp/hard/libgcc.a
LOAD /usr/lib/gcc/arm-none-eabi/6.3.1/../../../arm-none-eabi/lib/thumb/v7e-m/fpv4-sp/hard/libc_nano.a
END GROUP
LOAD /usr/lib/gcc/arm-none-eabi/6.3.1/thumb/v7e-m/fpv4-sp/hard/crtend.o
LOAD /usr/lib/gcc/arm-none-eabi/6.3.1/thumb/v7e-m/fpv4-sp/hard/crtn.o
START GROUP
LOAD /usr/lib/gcc/arm-none-eabi/6.3.1/thumb/v7e-m/fpv4-sp/hard/libgcc.a
LOAD /usr/lib/gcc/arm-none-eabi/6.3.1/../../../arm-none-eabi/lib/thumb/v7e-m/fpv4-sp/hard/libc.a
LOAD /usr/lib/gcc/arm-none-eabi/6.3.1/../../../arm-none-eabi/lib/thumb/v7e-m/fpv4-sp/hard/libnosys.a
END GROUP

.tm_clone_table
                0x0000000020000074        0x0 load address 0x0000000000000a50
 .tm_clone_table
                0x0000000020000074        0x0 /usr/lib/gcc/arm-none-eabi/6.3.1/thumb/v7e-m/fpv4-sp/hard/crtbegin.o
 .tm_clone_table
                0x0000000020000074        0x0 /usr/lib/gcc/arm-none-eabi/6.3.1/thumb/v7e-m/fpv4-sp/hard/crtend.o

.igot.plt       0x0000000020000074        0x0 load address 0x0000000000000a50
 .igot.plt      0x0000000020000074        0x0 /usr/lib/gcc/arm-none-eabi/6.3.1/thumb/v7e-m/fpv4-sp/hard/crtbegin.o
                0x0000000020000074                . = ALIGN (0x4)

.mem_section_dummy_ram

.log_dynamic_data
                0x0000000020000074        0x0
                [!provide]                        PROVIDE (__start_log_dynamic_data, .)
 *(SORT(.log_dynamic_data*))
                [!provide]                        PROVIDE (__stop_log_dynamic_data, .)

.log_filter_data
                0x0000000020000074        0x0
                [!provide]                        PROVIDE (__start_log_filter_data, .)
 *(SORT(.log_filter_data*))
                [!provide]                        PROVIDE (__stop_log_filter_data, .)

.bss            0x0000000020000074       0xac load address 0x0000000000000a50
                0x0000000020000074                . = ALIGN (0x4)
                0x0000000020000074                __bss_start__ = .
 *(.bss*)
 .bss           0x0000000020000074       0x1c /usr/lib/gcc/arm-none-eabi/6.3.1/thumb/v7e-m/fpv4-sp/hard/crtbegin.o
 .bss           0x0000000020000090       0x8c /usr/lib/gcc/arm-none-eabi/6.3.1/../../../arm-none-eabi/lib/thumb/v7e-m/fpv4-sp/hard/libg_nano.a(lib_a-__atexit.o)
 .bss           0x000000002000011c        0x4 /usr/lib/gcc/arm-none-eabi/6.3.1/../../../arm-none-eabi/lib/thumb/v7e-m/fpv4-sp/hard/libg_nano.a(lib_a-__call_atexit.o)
                0x000000002000011c                _global_atexit
 *(COMMON)
                0x0000000020000120                . = ALIGN (0x4)
                0x0000000020000120                __bss_end__ = .

.heap           0x0000000020000120     0x2000
                0x0000000020000120                __HeapBase = .
                0x0000000020000120                __end__ = .
                [!provide]                        PROVIDE (end, .)
 *(.heap*)
 .heap          0x0000000020000120     0x2000 ./gcc_startup_nrf52840.o
                0x0000000020002120                __HeapLimit = .

.stack_dummy    0x0000000020000120     0x2000
 *(.stack*)
 .stack         0x0000000020000120     0x2000 ./gcc_startup_nrf52840.o
                0x0000000020040000                __StackTop = (ORIGIN (RAM) + LENGTH (RAM))
                0x000000002003e000                __StackLimit = (__StackTop - SIZEOF (.stack_dummy))
                0x0000000020040000                PROVIDE (__stack, __StackTop)
                0x0000000000000001                ASSERT ((__StackLimit >= __HeapLimit), region RAM overflowed with stack)
                0x0000000000000074                DataInitFlashUsed = (__bss_start__ - __data_start__)
                0x00000000000009dc                CodeFlashUsed = (__etext - ORIGIN (FLASH))
                0x0000000000000a50                TotalFlashUsed = (CodeFlashUsed + DataInitFlashUsed)
                0x0000000000000001                ASSERT ((TotalFlashUsed <= LENGTH (FLASH)), region FLASH overflowed with .data and user data)
OUTPUT(particle_argon elf32-littlearm)

.ARM.attributes
                0x0000000000000000       0x30
 .ARM.attributes
                0x0000000000000000       0x22 /usr/lib/gcc/arm-none-eabi/6.3.1/thumb/v7e-m/fpv4-sp/hard/crti.o
 .ARM.attributes
                0x0000000000000022       0x34 /usr/lib/gcc/arm-none-eabi/6.3.1/thumb/v7e-m/fpv4-sp/hard/crtbegin.o
 .ARM.attributes
                0x0000000000000056       0x20 /usr/lib/gcc/arm-none-eabi/6.3.1/../../../arm-none-eabi/lib/thumb/v7e-m/fpv4-sp/hard/crt0.o
 .ARM.attributes
                0x0000000000000076       0x39 ./main.o
 .ARM.attributes
                0x00000000000000af       0x39 ./system_nrf52840.o
 .ARM.attributes
                0x00000000000000e8       0x20 ./gcc_startup_nrf52840.o
 .ARM.attributes
                0x0000000000000108       0x34 /usr/lib/gcc/arm-none-eabi/6.3.1/../../../arm-none-eabi/lib/thumb/v7e-m/fpv4-sp/hard/libg_nano.a(lib_a-atexit.o)
 .ARM.attributes
                0x000000000000013c       0x34 /usr/lib/gcc/arm-none-eabi/6.3.1/../../../arm-none-eabi/lib/thumb/v7e-m/fpv4-sp/hard/libg_nano.a(lib_a-exit.o)
 .ARM.attributes
                0x0000000000000170       0x34 /usr/lib/gcc/arm-none-eabi/6.3.1/../../../arm-none-eabi/lib/thumb/v7e-m/fpv4-sp/hard/libg_nano.a(lib_a-fini.o)
 .ARM.attributes
                0x00000000000001a4       0x34 /usr/lib/gcc/arm-none-eabi/6.3.1/../../../arm-none-eabi/lib/thumb/v7e-m/fpv4-sp/hard/libg_nano.a(lib_a-impure.o)
 .ARM.attributes
                0x00000000000001d8       0x34 /usr/lib/gcc/arm-none-eabi/6.3.1/../../../arm-none-eabi/lib/thumb/v7e-m/fpv4-sp/hard/libg_nano.a(lib_a-init.o)
 .ARM.attributes
                0x000000000000020c       0x34 /usr/lib/gcc/arm-none-eabi/6.3.1/../../../arm-none-eabi/lib/thumb/v7e-m/fpv4-sp/hard/libg_nano.a(lib_a-memset.o)
 .ARM.attributes
                0x0000000000000240       0x34 /usr/lib/gcc/arm-none-eabi/6.3.1/../../../arm-none-eabi/lib/thumb/v7e-m/fpv4-sp/hard/libg_nano.a(lib_a-__atexit.o)
 .ARM.attributes
                0x0000000000000274       0x34 /usr/lib/gcc/arm-none-eabi/6.3.1/../../../arm-none-eabi/lib/thumb/v7e-m/fpv4-sp/hard/libg_nano.a(lib_a-__call_atexit.o)
 .ARM.attributes
                0x00000000000002a8       0x34 /usr/lib/gcc/arm-none-eabi/6.3.1/thumb/v7e-m/fpv4-sp/hard/crtend.o
 .ARM.attributes
                0x00000000000002dc       0x22 /usr/lib/gcc/arm-none-eabi/6.3.1/thumb/v7e-m/fpv4-sp/hard/crtn.o
 .ARM.attributes
                0x00000000000002fe       0x34 /usr/lib/gcc/arm-none-eabi/6.3.1/../../../arm-none-eabi/lib/thumb/v7e-m/fpv4-sp/hard/libnosys.a(_exit.o)

.comment        0x0000000000000000       0x31
 .comment       0x0000000000000000       0x31 /usr/lib/gcc/arm-none-eabi/6.3.1/thumb/v7e-m/fpv4-sp/hard/crtbegin.o
                                         0x32 (size before relaxing)
 .comment       0x0000000000000031       0x32 ./main.o
 .comment       0x0000000000000031       0x32 ./system_nrf52840.o
 .comment       0x0000000000000031       0x32 /usr/lib/gcc/arm-none-eabi/6.3.1/../../../arm-none-eabi/lib/thumb/v7e-m/fpv4-sp/hard/libg_nano.a(lib_a-atexit.o)
 .comment       0x0000000000000031       0x32 /usr/lib/gcc/arm-none-eabi/6.3.1/../../../arm-none-eabi/lib/thumb/v7e-m/fpv4-sp/hard/libg_nano.a(lib_a-exit.o)
 .comment       0x0000000000000031       0x32 /usr/lib/gcc/arm-none-eabi/6.3.1/../../../arm-none-eabi/lib/thumb/v7e-m/fpv4-sp/hard/libg_nano.a(lib_a-fini.o)
 .comment       0x0000000000000031       0x32 /usr/lib/gcc/arm-none-eabi/6.3.1/../../../arm-none-eabi/lib/thumb/v7e-m/fpv4-sp/hard/libg_nano.a(lib_a-impure.o)
 .comment       0x0000000000000031       0x32 /usr/lib/gcc/arm-none-eabi/6.3.1/../../../arm-none-eabi/lib/thumb/v7e-m/fpv4-sp/hard/libg_nano.a(lib_a-init.o)
 .comment       0x0000000000000031       0x32 /usr/lib/gcc/arm-none-eabi/6.3.1/../../../arm-none-eabi/lib/thumb/v7e-m/fpv4-sp/hard/libg_nano.a(lib_a-memset.o)
 .comment       0x0000000000000031       0x32 /usr/lib/gcc/arm-none-eabi/6.3.1/../../../arm-none-eabi/lib/thumb/v7e-m/fpv4-sp/hard/libg_nano.a(lib_a-__atexit.o)
 .comment       0x0000000000000031       0x32 /usr/lib/gcc/arm-none-eabi/6.3.1/../../../arm-none-eabi/lib/thumb/v7e-m/fpv4-sp/hard/libg_nano.a(lib_a-__call_atexit.o)
 .comment       0x0000000000000031       0x32 /usr/lib/gcc/arm-none-eabi/6.3.1/thumb/v7e-m/fpv4-sp/hard/crtend.o
 .comment       0x0000000000000031       0x32 /usr/lib/gcc/arm-none-eabi/6.3.1/../../../arm-none-eabi/lib/thumb/v7e-m/fpv4-sp/hard/libnosys.a(_exit.o)

.debug_line     0x0000000000000000     0x1728
 .debug_line    0x0000000000000000       0x84 /usr/lib/gcc/arm-none-eabi/6.3.1/../../../arm-none-eabi/lib/thumb/v7e-m/fpv4-sp/hard/crt0.o
 .debug_line    0x0000000000000084      0x734 ./main.o
 .debug_line    0x00000000000007b8      0x4d8 ./system_nrf52840.o
 .debug_line    0x0000000000000c90       0x66 ./gcc_startup_nrf52840.o
 .debug_line    0x0000000000000cf6      0x157 /usr/lib/gcc/arm-none-eabi/6.3.1/../../../arm-none-eabi/lib/thumb/v7e-m/fpv4-sp/hard/libg_nano.a(lib_a-atexit.o)
 .debug_line    0x0000000000000e4d      0x15b /usr/lib/gcc/arm-none-eabi/6.3.1/../../../arm-none-eabi/lib/thumb/v7e-m/fpv4-sp/hard/libg_nano.a(lib_a-exit.o)
 .debug_line    0x0000000000000fa8       0xa5 /usr/lib/gcc/arm-none-eabi/6.3.1/../../../arm-none-eabi/lib/thumb/v7e-m/fpv4-sp/hard/libg_nano.a(lib_a-fini.o)
 .debug_line    0x000000000000104d       0xef /usr/lib/gcc/arm-none-eabi/6.3.1/../../../arm-none-eabi/lib/thumb/v7e-m/fpv4-sp/hard/libg_nano.a(lib_a-impure.o)
 .debug_line    0x000000000000113c       0xbe /usr/lib/gcc/arm-none-eabi/6.3.1/../../../arm-none-eabi/lib/thumb/v7e-m/fpv4-sp/hard/libg_nano.a(lib_a-init.o)
 .debug_line    0x00000000000011fa      0x17c /usr/lib/gcc/arm-none-eabi/6.3.1/../../../arm-none-eabi/lib/thumb/v7e-m/fpv4-sp/hard/libg_nano.a(lib_a-memset.o)
 .debug_line    0x0000000000001376      0x192 /usr/lib/gcc/arm-none-eabi/6.3.1/../../../arm-none-eabi/lib/thumb/v7e-m/fpv4-sp/hard/libg_nano.a(lib_a-__atexit.o)
 .debug_line    0x0000000000001508      0x1bf /usr/lib/gcc/arm-none-eabi/6.3.1/../../../arm-none-eabi/lib/thumb/v7e-m/fpv4-sp/hard/libg_nano.a(lib_a-__call_atexit.o)
 .debug_line    0x00000000000016c7       0x61 /usr/lib/gcc/arm-none-eabi/6.3.1/../../../arm-none-eabi/lib/thumb/v7e-m/fpv4-sp/hard/libnosys.a(_exit.o)

.debug_info     0x0000000000000000     0x6b0b
 .debug_info    0x0000000000000000       0xb7 /usr/lib/gcc/arm-none-eabi/6.3.1/../../../arm-none-eabi/lib/thumb/v7e-m/fpv4-sp/hard/crt0.o
 .debug_info    0x00000000000000b7     0x1908 ./main.o
 .debug_info    0x00000000000019bf     0x16ba ./system_nrf52840.o
 .debug_info    0x0000000000003079       0xbe ./gcc_startup_nrf52840.o
 .debug_info    0x0000000000003137      0x902 /usr/lib/gcc/arm-none-eabi/6.3.1/../../../arm-none-eabi/lib/thumb/v7e-m/fpv4-sp/hard/libg_nano.a(lib_a-atexit.o)
 .debug_info    0x0000000000003a39      0x94e /usr/lib/gcc/arm-none-eabi/6.3.1/../../../arm-none-eabi/lib/thumb/v7e-m/fpv4-sp/hard/libg_nano.a(lib_a-exit.o)
 .debug_info    0x0000000000004387       0xfa /usr/lib/gcc/arm-none-eabi/6.3.1/../../../arm-none-eabi/lib/thumb/v7e-m/fpv4-sp/hard/libg_nano.a(lib_a-fini.o)
 .debug_info    0x0000000000004481      0x8a0 /usr/lib/gcc/arm-none-eabi/6.3.1/../../../arm-none-eabi/lib/thumb/v7e-m/fpv4-sp/hard/libg_nano.a(lib_a-impure.o)
 .debug_info    0x0000000000004d21      0x110 /usr/lib/gcc/arm-none-eabi/6.3.1/../../../arm-none-eabi/lib/thumb/v7e-m/fpv4-sp/hard/libg_nano.a(lib_a-init.o)
 .debug_info    0x0000000000004e31      0x916 /usr/lib/gcc/arm-none-eabi/6.3.1/../../../arm-none-eabi/lib/thumb/v7e-m/fpv4-sp/hard/libg_nano.a(lib_a-memset.o)
 .debug_info    0x0000000000005747      0x9a0 /usr/lib/gcc/arm-none-eabi/6.3.1/../../../arm-none-eabi/lib/thumb/v7e-m/fpv4-sp/hard/libg_nano.a(lib_a-__atexit.o)
 .debug_info    0x00000000000060e7      0x98a /usr/lib/gcc/arm-none-eabi/6.3.1/../../../arm-none-eabi/lib/thumb/v7e-m/fpv4-sp/hard/libg_nano.a(lib_a-__call_atexit.o)
 .debug_info    0x0000000000006a71       0x9a /usr/lib/gcc/arm-none-eabi/6.3.1/../../../arm-none-eabi/lib/thumb/v7e-m/fpv4-sp/hard/libnosys.a(_exit.o)

.debug_abbrev   0x0000000000000000     0x1284
 .debug_abbrev  0x0000000000000000       0x14 /usr/lib/gcc/arm-none-eabi/6.3.1/../../../arm-none-eabi/lib/thumb/v7e-m/fpv4-sp/hard/crt0.o
 .debug_abbrev  0x0000000000000014      0x316 ./main.o
 .debug_abbrev  0x000000000000032a      0x2c9 ./system_nrf52840.o
 .debug_abbrev  0x00000000000005f3       0x14 ./gcc_startup_nrf52840.o
 .debug_abbrev  0x0000000000000607      0x1c0 /usr/lib/gcc/arm-none-eabi/6.3.1/../../../arm-none-eabi/lib/thumb/v7e-m/fpv4-sp/hard/libg_nano.a(lib_a-atexit.o)
 .debug_abbrev  0x00000000000007c7      0x1c4 /usr/lib/gcc/arm-none-eabi/6.3.1/../../../arm-none-eabi/lib/thumb/v7e-m/fpv4-sp/hard/libg_nano.a(lib_a-exit.o)
 .debug_abbrev  0x000000000000098b       0xbd /usr/lib/gcc/arm-none-eabi/6.3.1/../../../arm-none-eabi/lib/thumb/v7e-m/fpv4-sp/hard/libg_nano.a(lib_a-fini.o)
 .debug_abbrev  0x0000000000000a48      0x153 /usr/lib/gcc/arm-none-eabi/6.3.1/../../../arm-none-eabi/lib/thumb/v7e-m/fpv4-sp/hard/libg_nano.a(lib_a-impure.o)
 .debug_abbrev  0x0000000000000b9b       0xba /usr/lib/gcc/arm-none-eabi/6.3.1/../../../arm-none-eabi/lib/thumb/v7e-m/fpv4-sp/hard/libg_nano.a(lib_a-init.o)
 .debug_abbrev  0x0000000000000c55      0x197 /usr/lib/gcc/arm-none-eabi/6.3.1/../../../arm-none-eabi/lib/thumb/v7e-m/fpv4-sp/hard/libg_nano.a(lib_a-memset.o)
 .debug_abbrev  0x0000000000000dec      0x227 /usr/lib/gcc/arm-none-eabi/6.3.1/../../../arm-none-eabi/lib/thumb/v7e-m/fpv4-sp/hard/libg_nano.a(lib_a-__atexit.o)
 .debug_abbrev  0x0000000000001013      0x210 /usr/lib/gcc/arm-none-eabi/6.3.1/../../../arm-none-eabi/lib/thumb/v7e-m/fpv4-sp/hard/libg_nano.a(lib_a-__call_atexit.o)
 .debug_abbrev  0x0000000000001223       0x61 /usr/lib/gcc/arm-none-eabi/6.3.1/../../../arm-none-eabi/lib/thumb/v7e-m/fpv4-sp/hard/libnosys.a(_exit.o)

.debug_aranges  0x0000000000000000      0x1b8
 .debug_aranges
                0x0000000000000000       0x20 /usr/lib/gcc/arm-none-eabi/6.3.1/../../../arm-none-eabi/lib/thumb/v7e-m/fpv4-sp/hard/crt0.o
 .debug_aranges
                0x0000000000000020       0x28 ./main.o
 .debug_aranges
                0x0000000000000048       0x38 ./system_nrf52840.o
 .debug_aranges
                0x0000000000000080       0x20 ./gcc_startup_nrf52840.o
 .debug_aranges
                0x00000000000000a0       0x20 /usr/lib/gcc/arm-none-eabi/6.3.1/../../../arm-none-eabi/lib/thumb/v7e-m/fpv4-sp/hard/libg_nano.a(lib_a-atexit.o)
 .debug_aranges
                0x00000000000000c0       0x20 /usr/lib/gcc/arm-none-eabi/6.3.1/../../../arm-none-eabi/lib/thumb/v7e-m/fpv4-sp/hard/libg_nano.a(lib_a-exit.o)
 .debug_aranges
                0x00000000000000e0       0x20 /usr/lib/gcc/arm-none-eabi/6.3.1/../../../arm-none-eabi/lib/thumb/v7e-m/fpv4-sp/hard/libg_nano.a(lib_a-fini.o)
 .debug_aranges
                0x0000000000000100       0x18 /usr/lib/gcc/arm-none-eabi/6.3.1/../../../arm-none-eabi/lib/thumb/v7e-m/fpv4-sp/hard/libg_nano.a(lib_a-impure.o)
 .debug_aranges
                0x0000000000000118       0x20 /usr/lib/gcc/arm-none-eabi/6.3.1/../../../arm-none-eabi/lib/thumb/v7e-m/fpv4-sp/hard/libg_nano.a(lib_a-init.o)
 .debug_aranges
                0x0000000000000138       0x20 /usr/lib/gcc/arm-none-eabi/6.3.1/../../../arm-none-eabi/lib/thumb/v7e-m/fpv4-sp/hard/libg_nano.a(lib_a-memset.o)
 .debug_aranges
                0x0000000000000158       0x20 /usr/lib/gcc/arm-none-eabi/6.3.1/../../../arm-none-eabi/lib/thumb/v7e-m/fpv4-sp/hard/libg_nano.a(lib_a-__atexit.o)
 .debug_aranges
                0x0000000000000178       0x20 /usr/lib/gcc/arm-none-eabi/6.3.1/../../../arm-none-eabi/lib/thumb/v7e-m/fpv4-sp/hard/libg_nano.a(lib_a-__call_atexit.o)
 .debug_aranges
                0x0000000000000198       0x20 /usr/lib/gcc/arm-none-eabi/6.3.1/../../../arm-none-eabi/lib/thumb/v7e-m/fpv4-sp/hard/libnosys.a(_exit.o)

.debug_loc      0x0000000000000000      0xb54
 .debug_loc     0x0000000000000000      0x26d ./main.o
 .debug_loc     0x000000000000026d      0x27c ./system_nrf52840.o
 .debug_loc     0x00000000000004e9       0x2c /usr/lib/gcc/arm-none-eabi/6.3.1/../../../arm-none-eabi/lib/thumb/v7e-m/fpv4-sp/hard/libg_nano.a(lib_a-atexit.o)
 .debug_loc     0x0000000000000515       0x1e /usr/lib/gcc/arm-none-eabi/6.3.1/../../../arm-none-eabi/lib/thumb/v7e-m/fpv4-sp/hard/libg_nano.a(lib_a-exit.o)
 .debug_loc     0x0000000000000533       0x5c /usr/lib/gcc/arm-none-eabi/6.3.1/../../../arm-none-eabi/lib/thumb/v7e-m/fpv4-sp/hard/libg_nano.a(lib_a-fini.o)
 .debug_loc     0x000000000000058f       0xae /usr/lib/gcc/arm-none-eabi/6.3.1/../../../arm-none-eabi/lib/thumb/v7e-m/fpv4-sp/hard/libg_nano.a(lib_a-init.o)
 .debug_loc     0x000000000000063d      0x1bd /usr/lib/gcc/arm-none-eabi/6.3.1/../../../arm-none-eabi/lib/thumb/v7e-m/fpv4-sp/hard/libg_nano.a(lib_a-memset.o)
 .debug_loc     0x00000000000007fa      0x1e7 /usr/lib/gcc/arm-none-eabi/6.3.1/../../../arm-none-eabi/lib/thumb/v7e-m/fpv4-sp/hard/libg_nano.a(lib_a-__atexit.o)
 .debug_loc     0x00000000000009e1      0x173 /usr/lib/gcc/arm-none-eabi/6.3.1/../../../arm-none-eabi/lib/thumb/v7e-m/fpv4-sp/hard/libg_nano.a(lib_a-__call_atexit.o)

.debug_ranges   0x0000000000000000      0x2e8
 .debug_ranges  0x0000000000000000      0x190 ./main.o
 .debug_ranges  0x0000000000000190      0x138 ./system_nrf52840.o
 .debug_ranges  0x00000000000002c8       0x20 /usr/lib/gcc/arm-none-eabi/6.3.1/../../../arm-none-eabi/lib/thumb/v7e-m/fpv4-sp/hard/libg_nano.a(lib_a-__call_atexit.o)

.debug_macro    0x0000000000000000    0x17df4
 .debug_macro   0x0000000000000000      0x348 ./main.o
 .debug_macro   0x0000000000000348      0x8c8 ./main.o
 .debug_macro   0x0000000000000c10       0x22 ./main.o
 .debug_macro   0x0000000000000c32       0x22 ./main.o
 .debug_macro   0x0000000000000c54       0x4f ./main.o
 .debug_macro   0x0000000000000ca3       0x44 ./main.o
 .debug_macro   0x0000000000000ce7       0xfd ./main.o
 .debug_macro   0x0000000000000de4       0x5e ./main.o
 .debug_macro   0x0000000000000e42      0x1df ./main.o
 .debug_macro   0x0000000000001021      0x6ac ./main.o
 .debug_macro   0x00000000000016cd      0x16d ./main.o
 .debug_macro   0x000000000000183a       0x22 ./main.o
 .debug_macro   0x000000000000185c       0x3b ./main.o
 .debug_macro   0x0000000000001897       0x1c ./main.o
 .debug_macro   0x00000000000018b3       0x22 ./main.o
 .debug_macro   0x00000000000018d5      0x101 ./main.o
 .debug_macro   0x00000000000019d6     0x1011 ./main.o
 .debug_macro   0x00000000000029e7      0x11f ./main.o
 .debug_macro   0x0000000000002b06      0x410 ./main.o
 .debug_macro   0x0000000000002f16    0x10d6b ./main.o
 .debug_macro   0x0000000000013c81      0xa65 ./main.o
 .debug_macro   0x00000000000146e6       0x96 ./main.o
 .debug_macro   0x000000000001477c       0x40 ./main.o
 .debug_macro   0x00000000000147bc      0x462 ./main.o
 .debug_macro   0x0000000000014c1e       0x59 ./main.o
 .debug_macro   0x0000000000014c77       0x1f ./main.o
 .debug_macro   0x0000000000014c96      0x154 ./main.o
 .debug_macro   0x0000000000014dea       0x16 ./main.o
 .debug_macro   0x0000000000014e00      0x16d ./main.o
 .debug_macro   0x0000000000014f6d      0x7bc ./main.o
 .debug_macro   0x0000000000015729       0x3f ./main.o
 .debug_macro   0x0000000000015768       0x52 ./main.o
 .debug_macro   0x00000000000157ba       0x35 ./main.o
 .debug_macro   0x00000000000157ef       0x9c ./main.o
 .debug_macro   0x000000000001588b       0x16 ./main.o
 .debug_macro   0x00000000000158a1       0x35 ./main.o
 .debug_macro   0x00000000000158d6      0x32a ./main.o
 .debug_macro   0x0000000000015c00       0x10 ./main.o
 .debug_macro   0x0000000000015c10       0x52 ./main.o
 .debug_macro   0x0000000000015c62       0x1f ./main.o
 .debug_macro   0x0000000000015c81       0x43 ./main.o
 .debug_macro   0x0000000000015cc4       0x20 ./main.o
 .debug_macro   0x0000000000015ce4      0x187 ./main.o
 .debug_macro   0x0000000000015e6b       0x10 ./main.o
 .debug_macro   0x0000000000015e7b       0xb6 ./main.o
 .debug_macro   0x0000000000015f31       0x16 ./main.o
 .debug_macro   0x0000000000015f47      0x143 ./main.o
 .debug_macro   0x000000000001608a       0x8e ./main.o
 .debug_macro   0x0000000000016118       0xad ./main.o
 .debug_macro   0x00000000000161c5       0x49 ./main.o
 .debug_macro   0x000000000001620e       0x8c ./main.o
 .debug_macro   0x000000000001629a       0x19 ./main.o
 .debug_macro   0x00000000000162b3       0x1d ./main.o
 .debug_macro   0x00000000000162d0       0x35 ./main.o
 .debug_macro   0x0000000000016305       0x7b ./main.o
 .debug_macro   0x0000000000016380       0x64 ./main.o
 .debug_macro   0x00000000000163e4       0x20 ./main.o
 .debug_macro   0x0000000000016404       0x1c ./main.o
 .debug_macro   0x0000000000016420       0x22 ./main.o
 .debug_macro   0x0000000000016442      0x1e3 ./main.o
 .debug_macro   0x0000000000016625      0x16d ./main.o
 .debug_macro   0x0000000000016792      0x158 ./system_nrf52840.o
 .debug_macro   0x00000000000168ea      0x44e ./system_nrf52840.o
 .debug_macro   0x0000000000016d38      0xa28 ./system_nrf52840.o
 .debug_macro   0x0000000000017760      0x520 ./system_nrf52840.o
 .debug_macro   0x0000000000017c80      0x164 ./system_nrf52840.o
 .debug_macro   0x0000000000017de4       0x10 ./system_nrf52840.o

.debug_str      0x0000000000000000    0x8f4b9
 .debug_str     0x0000000000000000    0x86886 ./main.o
                                      0x87caa (size before relaxing)
 .debug_str     0x0000000000086886     0x8503 ./system_nrf52840.o
                                      0x7e250 (size before relaxing)
 .debug_str     0x000000000008ed89      0x20f /usr/lib/gcc/arm-none-eabi/6.3.1/../../../arm-none-eabi/lib/thumb/v7e-m/fpv4-sp/hard/libg_nano.a(lib_a-atexit.o)
                                        0x64d (size before relaxing)
 .debug_str     0x000000000008ef98       0x72 /usr/lib/gcc/arm-none-eabi/6.3.1/../../../arm-none-eabi/lib/thumb/v7e-m/fpv4-sp/hard/libg_nano.a(lib_a-exit.o)
                                        0x64e (size before relaxing)
 .debug_str     0x000000000008f00a       0xdd /usr/lib/gcc/arm-none-eabi/6.3.1/../../../arm-none-eabi/lib/thumb/v7e-m/fpv4-sp/hard/libg_nano.a(lib_a-fini.o)
                                        0x229 (size before relaxing)
 .debug_str     0x000000000008f0e7       0xb1 /usr/lib/gcc/arm-none-eabi/6.3.1/../../../arm-none-eabi/lib/thumb/v7e-m/fpv4-sp/hard/libg_nano.a(lib_a-impure.o)
                                        0x602 (size before relaxing)
 .debug_str     0x000000000008f198       0x99 /usr/lib/gcc/arm-none-eabi/6.3.1/../../../arm-none-eabi/lib/thumb/v7e-m/fpv4-sp/hard/libg_nano.a(lib_a-init.o)
                                        0x253 (size before relaxing)
 .debug_str     0x000000000008f231       0xc2 /usr/lib/gcc/arm-none-eabi/6.3.1/../../../arm-none-eabi/lib/thumb/v7e-m/fpv4-sp/hard/libg_nano.a(lib_a-memset.o)
                                        0x61a (size before relaxing)
 .debug_str     0x000000000008f2f3       0x75 /usr/lib/gcc/arm-none-eabi/6.3.1/../../../arm-none-eabi/lib/thumb/v7e-m/fpv4-sp/hard/libg_nano.a(lib_a-__atexit.o)
                                        0x695 (size before relaxing)
 .debug_str     0x000000000008f368       0x51 /usr/lib/gcc/arm-none-eabi/6.3.1/../../../arm-none-eabi/lib/thumb/v7e-m/fpv4-sp/hard/libg_nano.a(lib_a-__call_atexit.o)
                                        0x645 (size before relaxing)
 .debug_str     0x000000000008f3b9      0x100 /usr/lib/gcc/arm-none-eabi/6.3.1/../../../arm-none-eabi/lib/thumb/v7e-m/fpv4-sp/hard/libnosys.a(_exit.o)
                                        0x196 (size before relaxing)

.debug_frame    0x0000000000000000      0x214
 .debug_frame   0x0000000000000000       0x48 ./main.o
 .debug_frame   0x0000000000000048       0x5c ./system_nrf52840.o
 .debug_frame   0x00000000000000a4       0x20 /usr/lib/gcc/arm-none-eabi/6.3.1/../../../arm-none-eabi/lib/thumb/v7e-m/fpv4-sp/hard/libg_nano.a(lib_a-atexit.o)
 .debug_frame   0x00000000000000c4       0x28 /usr/lib/gcc/arm-none-eabi/6.3.1/../../../arm-none-eabi/lib/thumb/v7e-m/fpv4-sp/hard/libg_nano.a(lib_a-exit.o)
 .debug_frame   0x00000000000000ec       0x34 /usr/lib/gcc/arm-none-eabi/6.3.1/../../../arm-none-eabi/lib/thumb/v7e-m/fpv4-sp/hard/libg_nano.a(lib_a-fini.o)
 .debug_frame   0x0000000000000120       0x2c /usr/lib/gcc/arm-none-eabi/6.3.1/../../../arm-none-eabi/lib/thumb/v7e-m/fpv4-sp/hard/libg_nano.a(lib_a-init.o)
 .debug_frame   0x000000000000014c       0x34 /usr/lib/gcc/arm-none-eabi/6.3.1/../../../arm-none-eabi/lib/thumb/v7e-m/fpv4-sp/hard/libg_nano.a(lib_a-memset.o)
 .debug_frame   0x0000000000000180       0x34 /usr/lib/gcc/arm-none-eabi/6.3.1/../../../arm-none-eabi/lib/thumb/v7e-m/fpv4-sp/hard/libg_nano.a(lib_a-__atexit.o)
 .debug_frame   0x00000000000001b4       0x40 /usr/lib/gcc/arm-none-eabi/6.3.1/../../../arm-none-eabi/lib/thumb/v7e-m/fpv4-sp/hard/libg_nano.a(lib_a-__call_atexit.o)
 .debug_frame   0x00000000000001f4       0x20 /usr/lib/gcc/arm-none-eabi/6.3.1/../../../arm-none-eabi/lib/thumb/v7e-m/fpv4-sp/hard/libnosys.a(_exit.o)
